// Vitest Snapshot v1, https://vitest.dev/guide/snapshot.html

exports[`SingleFileInput > renders and handles preview url correctly 1`] = `
<div>
  <div
    class="sc-bRKDuR iyywdU"
  >
    <div
      class="sc-fhHczv dmSUmT"
      data-testid="drop-area"
    >
      <input
        accept="image/*"
        class="sc-hvigdm csAJPB"
        type="file"
      />
      <img
        alt="preview"
        class="sc-dTvVRJ hkTSOR"
        src="/image/preview.jpg"
      />
    </div>
  </div>
</div>
`;
